// Jest Snapshot v1, https://goo.gl/fbAQLP

exports[`NeonHeader renders fallback with drupalCSSLoaded prop and error NeonContext state 1`] = `null`;

exports[`NeonHeader renders with drupalCssLoaded prop and success NeonContext state 1`] = `null`;

exports[`NeonHeader renders with drupalCssLoaded prop, success NeonContext state, and core auth 1`] = `
<header
  className="makeStyles-unstickyHeader-48 makeStyles-headerContainer-50"
  id="header"
  ref={null}
>
  <div>
    test drupal html
  </div>
</header>
`;

exports[`NeonHeader renders with no props and active/fetching NeonContext state 1`] = `null`;

exports[`NeonHeader renders with no props and error NeonContext state 1`] = `null`;

exports[`NeonHeader renders with no props and inactive NeonContext state 1`] = `null`;

exports[`NeonHeader renders with no props and success NeonContext state 1`] = `null`;
