// Jest Snapshot v1, https://goo.gl/fbAQLP

exports[`ReleaseFilter Renders gracefully with an invalid selection 1`] = `null`;

exports[`ReleaseFilter Renders in skeleton mode 1`] = `null`;

exports[`ReleaseFilter Renders nothing with no releases and an excluded null release 1`] = `null`;

exports[`ReleaseFilter Renders product counts without a defined null release count 1`] = `null`;

exports[`ReleaseFilter Renders with a custom title 1`] = `null`;

exports[`ReleaseFilter Renders with a selected release 1`] = `null`;

exports[`ReleaseFilter Renders with blank title 1`] = `null`;

exports[`ReleaseFilter Renders with custom layouts 1`] = `null`;

exports[`ReleaseFilter Renders with list of releases with DOIs 1`] = `null`;

exports[`ReleaseFilter Renders with list of releases without DOIs 1`] = `null`;

exports[`ReleaseFilter Renders with no props 1`] = `null`;

exports[`ReleaseFilter Renders with product counts (using data product codes) 1`] = `null`;

exports[`ReleaseFilter Renders with product counts (using data product objects) 1`] = `null`;
