// Jest Snapshot v1, https://goo.gl/fbAQLP

exports[`AopDataViewer renders with a specified initial site 1`] = `null`;

exports[`AopDataViewer renders with a specified initial site and year 1`] = `null`;

exports[`AopDataViewer renders with a specified initial site, year, and flight 1`] = `null`;

exports[`AopDataViewer renders with only a productCode 1`] = `null`;

exports[`AopDataViewer renders with title disabled 1`] = `null`;
