// Jest Snapshot v1, https://goo.gl/fbAQLP

exports[`DownloadDataButton Automatically includes data-gtm props from product in context state 1`] = `null`;

exports[`DownloadDataButton Preserves MUI button props 1`] = `null`;

exports[`DownloadDataButton Renders correctly with only a label 1`] = `null`;

exports[`DownloadDataButton Renders with the dialog open from context state 1`] = `null`;
