// Jest Snapshot v1, https://goo.gl/fbAQLP

exports[`DataProductAvailability - AvailabilityPending renders correctly for NeonContext that is final with error 1`] = `null`;

exports[`DataProductAvailability - AvailabilityPending renders correctly for NeonContext that is final without error 1`] = `null`;

exports[`DataProductAvailability - AvailabilityPending renders correctly for NeonContext that is neither error nor final 1`] = `null`;
