// Jest Snapshot v1, https://goo.gl/fbAQLP

exports[`DataProductAvailability - AvailabilitySvgComponents renders JsxCell correctly for every status JsxCell for status: available 1`] = `null`;

exports[`DataProductAvailability - AvailabilitySvgComponents renders JsxCell correctly for every status JsxCell for status: available-provisional 1`] = `null`;

exports[`DataProductAvailability - AvailabilitySvgComponents renders JsxCell correctly for every status JsxCell for status: being processed 1`] = `null`;

exports[`DataProductAvailability - AvailabilitySvgComponents renders JsxCell correctly for every status JsxCell for status: delayed 1`] = `null`;

exports[`DataProductAvailability - AvailabilitySvgComponents renders JsxCell correctly for every status JsxCell for status: expected 1`] = `null`;

exports[`DataProductAvailability - AvailabilitySvgComponents renders JsxCell correctly for every status JsxCell for status: mixed no availability 1`] = `null`;

exports[`DataProductAvailability - AvailabilitySvgComponents renders JsxCell correctly for every status JsxCell for status: mixed some availability 1`] = `null`;

exports[`DataProductAvailability - AvailabilitySvgComponents renders JsxCell correctly for every status JsxCell for status: mixed-available-provisional 1`] = `null`;

exports[`DataProductAvailability - AvailabilitySvgComponents renders JsxCell correctly for every status JsxCell for status: not available 1`] = `null`;

exports[`DataProductAvailability - AvailabilitySvgComponents renders JsxCell correctly for every status JsxCell for status: not collected 1`] = `null`;

exports[`DataProductAvailability - AvailabilitySvgComponents renders JsxCell correctly for every status JsxCell for status: not expected 1`] = `null`;

exports[`DataProductAvailability - AvailabilitySvgComponents renders JsxCell correctly for every status JsxCell for status: tentative 1`] = `null`;

exports[`DataProductAvailability - AvailabilitySvgComponents renders JsxCell correctly for every status JsxCell for status: tombstoned 1`] = `null`;

exports[`DataProductAvailability - AvailabilitySvgComponents renders SvgDefs correctly 1`] = `null`;
