// Jest Snapshot v1, https://goo.gl/fbAQLP

exports[`DataProductAvailability - BasicAvailabilityInterface renders with explicit sort method 1`] = `null`;

exports[`DataProductAvailability - BasicAvailabilityInterface renders with no props 1`] = `null`;

exports[`DataProductAvailability - BasicAvailabilityInterface renders with selection disabled 1`] = `null`;

exports[`DataProductAvailability - BasicAvailabilityInterface renders with siteCodes and view 1`] = `null`;

exports[`DataProductAvailability - BasicAvailabilityInterface renders with ungrouped view 1`] = `null`;
