// Jest Snapshot v1, https://goo.gl/fbAQLP

exports[`NeonPage - BrowserWarning renders nothing if browser is found to be IE but ignore cookie is present 1`] = `null`;

exports[`NeonPage - BrowserWarning renders nothing if browser is not IE 1`] = `null`;

exports[`NeonPage - BrowserWarning renders warning if browser is found to be IE and ignore cookie is not set 1`] = `
<div
  ComponentPath="@mui/material/Snackbar"
  prop-ContentProps="{"aria-describedby":"browser-warning"}"
  prop-anchorOrigin="{"vertical":"bottom","horizontal":"right"}"
  prop-open={true}
>
  <div
    className="MuiPaper-root MuiPaper-elevation MuiPaper-elevation6 MuiSnackbarContent-root makeStyles-browserWarning-7 css-3em1l5-MuiPaper-root-MuiSnackbarContent-root"
    role="alert"
  >
    <div
      className="MuiSnackbarContent-message css-1exqwzz-MuiSnackbarContent-message"
    >
      <span
        className="makeStyles-browserWarningMessage-8"
        data-selenium="neon-page.browser-warning"
        id="browser-warning"
      >
        <div>
          <b>
            Your browser has limited support on the NEON Data Portal.
          </b>
          <br />
          Some parts of the portal will not work for you.
          <br />
          Please use a modern browser for full support.
          <br />
          <div
            className="makeStyles-buttonRow-9"
          >
            <a
              className="MuiButtonBase-root MuiButton-root MuiButton-text MuiButton-textInherit MuiButton-sizeMedium MuiButton-textSizeMedium MuiButton-colorInherit MuiButton-root MuiButton-text MuiButton-textInherit MuiButton-sizeMedium MuiButton-textSizeMedium MuiButton-colorInherit css-1tvghku-MuiButtonBase-root-MuiButton-root"
              href="https://www.mozilla.org/en-US/firefox/new/"
              onBlur={[Function]}
              onContextMenu={[Function]}
              onDragLeave={[Function]}
              onFocus={[Function]}
              onKeyDown={[Function]}
              onKeyUp={[Function]}
              onMouseDown={[Function]}
              onMouseLeave={[Function]}
              onMouseUp={[Function]}
              onTouchEnd={[Function]}
              onTouchMove={[Function]}
              onTouchStart={[Function]}
              tabIndex={0}
              target="_blank"
            >
              Firefox
            </a>
            <a
              className="MuiButtonBase-root MuiButton-root MuiButton-text MuiButton-textInherit MuiButton-sizeMedium MuiButton-textSizeMedium MuiButton-colorInherit MuiButton-root MuiButton-text MuiButton-textInherit MuiButton-sizeMedium MuiButton-textSizeMedium MuiButton-colorInherit css-1tvghku-MuiButtonBase-root-MuiButton-root"
              href="https://www.google.com/chrome/"
              onBlur={[Function]}
              onContextMenu={[Function]}
              onDragLeave={[Function]}
              onFocus={[Function]}
              onKeyDown={[Function]}
              onKeyUp={[Function]}
              onMouseDown={[Function]}
              onMouseLeave={[Function]}
              onMouseUp={[Function]}
              onTouchEnd={[Function]}
              onTouchMove={[Function]}
              onTouchStart={[Function]}
              tabIndex={0}
              target="_blank"
            >
              Chrome
            </a>
            <a
              className="MuiButtonBase-root MuiButton-root MuiButton-text MuiButton-textInherit MuiButton-sizeMedium MuiButton-textSizeMedium MuiButton-colorInherit MuiButton-root MuiButton-text MuiButton-textInherit MuiButton-sizeMedium MuiButton-textSizeMedium MuiButton-colorInherit css-1tvghku-MuiButtonBase-root-MuiButton-root"
              href="https://www.apple.com/safari/"
              onBlur={[Function]}
              onContextMenu={[Function]}
              onDragLeave={[Function]}
              onFocus={[Function]}
              onKeyDown={[Function]}
              onKeyUp={[Function]}
              onMouseDown={[Function]}
              onMouseLeave={[Function]}
              onMouseUp={[Function]}
              onTouchEnd={[Function]}
              onTouchMove={[Function]}
              onTouchStart={[Function]}
              tabIndex={0}
              target="_blank"
            >
              Safari
            </a>
            <a
              className="MuiButtonBase-root MuiButton-root MuiButton-text MuiButton-textInherit MuiButton-sizeMedium MuiButton-textSizeMedium MuiButton-colorInherit MuiButton-root MuiButton-text MuiButton-textInherit MuiButton-sizeMedium MuiButton-textSizeMedium MuiButton-colorInherit css-1tvghku-MuiButtonBase-root-MuiButton-root"
              href="https://www.microsoft.com/en-us/windows/microsoft-edge"
              onBlur={[Function]}
              onContextMenu={[Function]}
              onDragLeave={[Function]}
              onFocus={[Function]}
              onKeyDown={[Function]}
              onKeyUp={[Function]}
              onMouseDown={[Function]}
              onMouseLeave={[Function]}
              onMouseUp={[Function]}
              onTouchEnd={[Function]}
              onTouchMove={[Function]}
              onTouchStart={[Function]}
              tabIndex={0}
              target="_blank"
            >
              Edge
            </a>
          </div>
        </div>
      </span>
    </div>
    <div
      className="MuiSnackbarContent-action css-1kr9x0n-MuiSnackbarContent-action"
    >
      <button
        aria-label="close"
        className="MuiButtonBase-root MuiIconButton-root MuiIconButton-colorInherit MuiIconButton-sizeLarge css-nmordm-MuiButtonBase-root-MuiIconButton-root"
        disabled={false}
        onBlur={[Function]}
        onClick={[Function]}
        onContextMenu={[Function]}
        onDragLeave={[Function]}
        onFocus={[Function]}
        onKeyDown={[Function]}
        onKeyUp={[Function]}
        onMouseDown={[Function]}
        onMouseLeave={[Function]}
        onMouseUp={[Function]}
        onTouchEnd={[Function]}
        onTouchMove={[Function]}
        onTouchStart={[Function]}
        tabIndex={0}
        type="button"
      >
        <svg
          aria-hidden={true}
          className="MuiSvgIcon-root MuiSvgIcon-fontSizeMedium css-i4bv87-MuiSvgIcon-root"
          data-testid="CloseIcon"
          focusable="false"
          viewBox="0 0 24 24"
        >
          <path
            d="M19 6.41 17.59 5 12 10.59 6.41 5 5 6.41 10.59 12 5 17.59 6.41 19 12 13.41 17.59 19 19 17.59 13.41 12z"
          />
        </svg>
      </button>
    </div>
  </div>
</div>
`;
