// Jest Snapshot v1, https://goo.gl/fbAQLP

exports[`NeonPage NeonErrorPage 1`] = `null`;

exports[`NeonPage renders a basic functional page with no props 1`] = `null`;

exports[`NeonPage renders sidebar items as skeletons when in appropriate state 1`] = `null`;

exports[`NeonPage renders with a custom header/footer 1`] = `null`;

exports[`NeonPage renders with a notification 1`] = `null`;

exports[`NeonPage renders with a title and subtitle 1`] = `null`;

exports[`NeonPage renders with an error 1`] = `null`;

exports[`NeonPage renders with custom sidebar content 1`] = `null`;

exports[`NeonPage renders with loading message 1`] = `null`;

exports[`NeonPage renders with loading message and progress 1`] = `null`;

exports[`NeonPage renders with sidebar links 1`] = `null`;

exports[`NeonPage renders with sidebar links as standlone children 1`] = `null`;
